 _    _          _   _          
| |  | |        | | | |         
| |__| |   ___  | | | |   ___   
|  __  |  / _ \ | | | |  / _ \  
| |  | | |  __/ | | | | | (_) | 
|_|  |_|  \___| |_| |_|  \___/  
                                
                                
<#
 _              _   _          
| |            | | | |         
| |__     ___  | | | |   ___   
|  _ \   / _ \ | | | |  / _ \  
| | | | |  __/ | | | | | (_) | 
|_| |_|  \___| |_| |_|  \___/  
                               
                               
<#